Resolving dependencies...
Downloading packages...
  file_picker 8.3.7 (11.0.2 available)
  flutter_lints 4.0.0 (6.0.0 available)
  flutter_secure_storage 9.2.4 (10.3.1 available)
  flutter_secure_storage_linux 1.2.3 (3.0.1 available)
  flutter_secure_storage_macos 3.1.3 (4.0.0 available)
  flutter_secure_storage_platform_interface 1.1.2 (2.0.2 available)
  flutter_secure_storage_web 1.2.1 (2.1.1 available)
  flutter_secure_storage_windows 3.1.2 (4.2.2 available)
  hooks 2.0.2 (2.1.0 available)
  intl 0.20.2 (0.20.3 available)
  js 0.6.7 (0.7.2 available)
  lints 4.0.0 (6.1.0 available)
  matcher 0.12.19 (0.12.20 available)
  meta 1.18.0 (1.19.0 available)
  package_config 2.2.0 (3.0.0 available)
  record_use 0.6.0 (1.0.0 available)
  test_api 0.7.11 (0.7.13 available)
  vector_math 2.2.0 (2.4.1 available)
  win32 5.15.0 (6.3.0 available)
Got dependencies!
19 packages have newer versions incompatible with dependency constraints.
Try `flutter pub outdated` for more information.
Running Gradle task 'assembleRelease'...                        
WARNING: A restricted method in java.lang.System has been called
WARNING: java.lang.System::load has been called by net.rubygrapefruit.platform.internal.NativeLibraryLoader in an unnamed module (file:/home/codespace/.gradle/wrapper/dists/gradle-9.1.0-all/7wzd0jkjit61aq2p43wpjgij9/gradle-9.1.0/lib/native-platform-0.22-milestone-28.jar)
WARNING: Use --enable-native-access=ALL-UNNAMED to avoid a warning for callers in this module
WARNING: Restricted methods will be blocked in a future release unless native access is enabled

The message received from the daemon indicates that the daemon has disappeared.
Build request sent: Build{id=b43efa4e-9164-473d-9e30-1639d0b28624, currentDir=/workspaces/customs_broker_app/android}
Attempting to read last messages from the daemon log...
Daemon pid: 102856
  log file: /home/codespace/.gradle/daemon/9.1.0/daemon-102856.out.log
----- Last 20 lines from daemon log file - daemon-102856.out.log -----
2026-07-27T00:06:48.663+0000 [DEBUG] [org.gradle.launcher.daemon.server.DefaultDaemonConnection] thread 29: Received non-IO message from client: Build{id=b43efa4e-9164-473d-9e30-1639d0b28624, currentDir=/workspaces/customs_broker_app/android}
2026-07-27T00:06:48.666+0000 [INFO] [org.gradle.launcher.daemon.server.DefaultIncomingConnectionHandler] Received command: Build{id=b43efa4e-9164-473d-9e30-1639d0b28624, currentDir=/workspaces/customs_broker_app/android}.
2026-07-27T00:06:48.666+0000 [DEBUG] [org.gradle.launcher.daemon.server.DefaultIncomingConnectionHandler] Starting executing command: Build{id=b43efa4e-9164-473d-9e30-1639d0b28624, currentDir=/workspaces/customs_broker_app/android} with connection: socket connection from /127.0.0.1:41049 to /127.0.0.1:46174.
2026-07-27T00:06:48.672+0000 [DEBUG] [org.gradle.launcher.daemon.server.DaemonStateCoordinator] Command execution: started DaemonCommandExecution[command = Build{id=b43efa4e-9164-473d-9e30-1639d0b28624, currentDir=/workspaces/customs_broker_app/android}, connection = DefaultDaemonConnection: socket connection from /127.0.0.1:41049 to /127.0.0.1:46174] after 0.00295 minutes of idle
2026-07-27T00:06:48.673+0000 [INFO] [org.gradle.launcher.daemon.server.DaemonRegistryUpdater] Marking the daemon as busy, address: [7467ca48-1e51-48ab-965d-f8ded94fd33c port:41049, addresses:[localhost/127.0.0.1]]
2026-07-27T00:06:48.673+0000 [DEBUG] [org.gradle.launcher.daemon.registry.PersistentDaemonRegistry] Marking busy by address: [7467ca48-1e51-48ab-965d-f8ded94fd33c port:41049, addresses:[localhost/127.0.0.1]]
2026-07-27T00:06:48.674+0000 [DEBUG] [org.gradle.cache.internal.DefaultFileLockManager] Waiting to acquire exclusive lock on daemon addresses registry.
2026-07-27T00:06:48.674+0000 [DEBUG] [org.gradle.cache.internal.DefaultFileLockManager] Lock acquired on daemon addresses registry.
2026-07-27T00:06:48.675+0000 [DEBUG] [org.gradle.cache.internal.DefaultFileLockManager] Releasing lock on daemon addresses registry.
2026-07-27T00:06:48.675+0000 [DEBUG] [org.gradle.launcher.daemon.server.DaemonStateCoordinator] resetting idle timer
2026-07-27T00:06:48.676+0000 [DEBUG] [org.gradle.launcher.daemon.server.DaemonStateCoordinator] daemon is running. Sleeping until state changes.
2026-07-27T00:06:48.677+0000 [INFO] [org.gradle.launcher.daemon.server.exec.StartBuildOrRespondWithBusy] Daemon is about to start building Build{id=b43efa4e-9164-473d-9e30-1639d0b28624, currentDir=/workspaces/customs_broker_app/android}. Dispatching build started information...
2026-07-27T00:06:48.677+0000 [DEBUG] [org.gradle.launcher.daemon.server.SynchronizedDispatchConnection] thread 31: dispatching org.gradle.launcher.daemon.protocol.BuildStarted@73bebfc4
2026-07-27T00:06:48.681+0000 [DEBUG] [org.gradle.launcher.daemon.server.exec.EstablishBuildEnvironment] Configuring env variables: [IRBRC, PATH, HISTCONTROL, CODESPACES, CODESPACE_VSCODE_FOLDER, PROMPT_DIRTRIM, VSCODE_PYTHON_AUTOACTIVATE_GUARD, ANDROID_HOME, GITHUB_API_URL, COLORTERM, DOCKER_BUILDKIT, SDKMAN_DIR, rvm_version, VSCODE_GIT_ASKPASS_NODE, TERM_PROGRAM_VERSION, PWD, NVS_DIR, CONDA_SCRIPT, SDKMAN_BROKER_API, HUGO_ROOT, NVM_CD_FLAGS, COPILOT_AGENT, LESSOPEN, RVM_PATH, SDKMAN_CANDIDATES_API, MY_RUBY_HOME, GITHUB_CODESPACE_TOKEN, ContainerVersion, RAILS_DEVELOPMENT_HOSTS, rvm_path, GITHUB_CODESPACES_PORT_FORWARDING_DOMAIN, NVM_SYMLINK_CURRENT, PYTHON_ROOT, GITHUB_USER, SHLVL, DOTNET_RUNNING_IN_CONTAINER, JAVA_ROOT, GITHUB_SERVER_URL, JAVA_HOME, GIT_EDITOR, TERM, FEATURE_SPARK_POST_COMMIT_CREATE_ITERATION, GRADLE_HOME, NVM_INC, GITHUB_REPOSITORY, VSCODE_IPC_HOOK_CLI, NUGET_XMLDOC_MODE, RUBY_HOME, NODE_ROOT, ENABLE_DYNAMIC_INSTALL, TERM_PROGRAM, DOTNET_SKIP_FIRST_TIME_EXPERIENCE, PHP_ROOT, RUBY_ROOT, GOROOT, JUPYTERLAB_PATH, GEM_PATH, FLUTTER_ALREADY_LOCKED, NVM_BIN, NVS_USE_XZ, GIT_MERGE_AUTOEDIT, DOTNET_USE_POLLING_FILE_WATCHER, GIT_PAGER, VSCODE_GIT_IPC_HANDLE, PIPX_HOME, HUGO_DIR, MAVEN_HOME, MAVEN_ROOT, COPILOT_DEBUG_NONCE, ORYX_PREFER_USER_INSTALLED_SDKS, GIT_ASKPASS, SHELL, GITHUB_TOKEN, GITHUB_GRAPHQL_URL, AI_AGENT, DEBIAN_FLAVOR, GOPATH, OLDPWD, GEM_HOME, PHP_PATH, DOTNET_ROOT, RUBY_VERSION, DEBIAN_FRONTEND, DEBUGINFOD_URLS, LS_COLORS, ORYX_ENV_TYPE, PIPX_BIN_DIR, BROWSER, LESSCLOSE, rvm_bin_path, CLOUDENV_ENVIRONMENT_ID, ORYX_SDK_STORAGE_BASE_URL, FLUTTER_ROOT, rvm_prefix, LANG, VSCODE_GIT_ASKPASS_MAIN, INTERNAL_VSCS_TARGET_URL, CONDA_DIR, VSCODE_GIT_ASKPASS_EXTRA_ARGS, SDKMAN_CANDIDATES_DIR, NVS_HOME, NVS_ROOT, NVM_DIR, NVS_OS, SHELL_LOGGED_IN, PYTHON_PATH, PYTHONIOENCODING, SDKMAN_PLATFORM, ANDROID_SDK_ROOT, USER, ORYX_DIR, HOSTNAME, CODESPACE_NAME, NPM_GLOBAL, HOME, DYNAMIC_INSTALL_ROOT_DIR]
2026-07-27T00:06:48.692+0000 [DEBUG] [org.gradle.launcher.daemon.server.exec.LogToClient] About to start relaying all logs to the client via the connection.
2026-07-27T00:06:48.692+0000 [INFO] [org.gradle.launcher.daemon.server.exec.LogToClient] The client will now receive all logging from the daemon (pid: 102856). The daemon log file: /home/codespace/.gradle/daemon/9.1.0/daemon-102856.out.log
2026-07-27T00:06:48.721+0000 [INFO] [org.gradle.launcher.daemon.server.exec.LogAndCheckHealth] Starting build in new daemon [memory: 8 GiB]
2026-07-27T00:06:48.737+0000 [DEBUG] [org.gradle.launcher.daemon.server.exec.ExecuteBuild] The daemon has started executing the build.
2026-07-27T00:06:48.737+0000 [DEBUG] [org.gradle.launcher.daemon.server.exec.ExecuteBuild] Executing build with daemon context: DefaultDaemonContext[uid=a656a3a5-5ae8-4f6b-a049-bdf5a9b6c999,javaHome=/usr/local/sdkman/candidates/java/25.0.2-ms,javaVersion=25,javaVendor=Microsoft,daemonRegistryDir=/home/codespace/.gradle/daemon,pid=102856,idleTimeout=10800000,priority=NORMAL,applyInstrumentationAgent=true,nativeServicesMode=ENABLED,daemonOpts=-XX:MaxMetaspaceSize=4G,-XX:ReservedCodeCacheSize=512m,-XX:+HeapDumpOnOutOfMemoryError,-Xmx8G,-Dfile.encoding=UTF-8,-Duser.country,-Duser.language=en,-Duser.variant]
Daemon vm is shutting down... The daemon has exited normally or was terminated in response to a user interrupt.----- End of the daemon log -----


FAILURE: Build failed with an exception.

* What went wrong:
Gradle build daemon disappeared unexpectedly (it may have been killed or may have crashed)

* Try:
> Run with --stacktrace option to get the stack trace.
> Run with --info or --debug option to get more log output.
> Run with --scan to generate a Build Scan (Powered by Develocity).
> Get more help at https://help.gradle.org.
Running Gradle task 'assembleRelease'...                           54.5s
Gradle task assembleRelease failed with exit code 1
